#
# There is insufficient memory for the Java Runtime Environment to continue.
# Native memory allocation (mmap) failed to map 264241152 bytes. Error detail: G1 virtual space
# Possible reasons:
#   The system is out of physical RAM or swap space
#   This process is running with CompressedOops enabled, and the Java Heap may be blocking the growth of the native heap
# Possible solutions:
#   Reduce memory load on the system
#   Increase physical memory or swap space
#   Check if swap backing store is full
#   Decrease Java heap size (-Xmx/-Xms)
#   Decrease number of Java threads
#   Decrease Java thread stack sizes (-Xss)
#   Set larger code cache with -XX:ReservedCodeCacheSize=
#   JVM is running with Zero Based Compressed Oops mode in which the Java heap is
#     placed in the first 32GB address space. The Java Heap base address is the
#     maximum limit for the native heap growth. Please use -XX:HeapBaseMinAddress
#     to set the Java Heap base and to place the Java Heap above 32GB virtual address.
# This output file may be truncated or incomplete.
#
#  Out of Memory Error (os_windows.cpp:3554), pid=9352, tid=17248
#
# JRE version:  (25.0+36) (build )
# Java VM: OpenJDK 64-Bit Server VM (25+36-3489, mixed mode, sharing, tiered, compressed oops, compressed class ptrs, g1 gc, windows-amd64)
# No core dump will be written. Minidumps are not enabled by default on client versions of Windows
#

---------------  S U M M A R Y ------------

Command Line: -javaagent:C:\Program Files\JetBrains\IntelliJ IDEA 2025.2.2\lib\idea_rt.jar=63408 -Dfile.encoding=UTF-8 -Dsun.stdout.encoding=UTF-8 -Dsun.stderr.encoding=UTF-8 Main

Host: 11th Gen Intel(R) Core(TM) i7-1165G7 @ 2.80GHz, 8 cores, 15G,  Windows 11 , 64 bit Build 26100 (10.0.26100.7019)
Time: Thu Dec 11 20:42:57 2025 West Bank Gaza Standard Time elapsed time: 1.292204 seconds (0d 0h 0m 1s)

---------------  T H R E A D  ---------------

Current thread (0x000002d0873dbd50):  JavaThread "Unknown thread" [_thread_in_vm, id=17248, stack(0x000000fcad200000,0x000000fcad300000) (1024K)]

Stack: [0x000000fcad200000,0x000000fcad300000]
Native frames: (J=compiled Java code, j=interpreted, Vv=VM code, C=native code)
V  [jvm.dll+0x7a6a39]  (no source info available)
V  [jvm.dll+0x7727ed]  (no source info available)
V  [jvm.dll+0x965f33]  (no source info available)
V  [jvm.dll+0x968531]  (no source info available)
V  [jvm.dll+0x968c33]  (no source info available)
V  [jvm.dll+0x2fc756]  (no source info available)
V  [jvm.dll+0x7a2c65]  (no source info available)
V  [jvm.dll+0x796077]  (no source info available)
V  [jvm.dll+0x3f4698]  (no source info available)
V  [jvm.dll+0x3fc5b6]  (no source info available)
V  [jvm.dll+0x3e8c8e]  (no source info available)
V  [jvm.dll+0x3e8f48]  (no source info available)
V  [jvm.dll+0x3c0045]  (no source info available)
V  [jvm.dll+0x3c0cce]  (no source info available)
V  [jvm.dll+0x92c647]  (no source info available)
V  [jvm.dll+0x458b62]  (no source info available)
V  [jvm.dll+0x90fff2]  (no source info available)
V  [jvm.dll+0x4f9001]  (no source info available)
V  [jvm.dll+0x4fa891]  (no source info available)
C  [jli.dll+0x543e]  (no source info available)
C  [ucrtbase.dll+0x37b0]  (no source info available)
C  [KERNEL32.DLL+0x2e8d7]  (no source info available)
C  [ntdll.dll+0x8c53c]  (no source info available)

Lock stack of current Java thread (top to bottom):


---------------  P R O C E S S  ---------------

Threads class SMR info:
_java_thread_list=0x00007ff99a0e5308, length=0, elements={
}

Java Threads: ( => current thread )
Total: 0

Other Threads:
  0x000002d087444430 WorkerThread "GC Thread#0"                     [id=13216, stack(0x000000fcad300000,0x000000fcad400000) (1024K)]
  0x000002d08749b010 ConcurrentGCThread "G1 Main Marker"            [id=19696, stack(0x000000fcad400000,0x000000fcad500000) (1024K)]
  0x000002d08749c350 WorkerThread "G1 Conc#0"                       [id=17064, stack(0x000000fcad500000,0x000000fcad600000) (1024K)]

[error occurred during error reporting (printing all threads), id 0xc0000005, EXCEPTION_ACCESS_VIOLATION (0xc0000005) at pc=0x00007ff9997c4c2a]
VM state: not at safepoint (not fully initialized)

VM Mutex/Monitor currently owned by a thread:  ([mutex/lock_event])
[0x00007ff99a169628] Heap_lock - owner thread: 0x000002d0873dbd50

Heap address: 0x0000000704c00000, size: 4020 MB, Compressed Oops mode: Zero based, Oop shift amount: 3

CDS archive(s) mapped at: [0x0000000000000000-0x0000000000000000-0x0000000000000000), size 0, SharedBaseAddress: 0x0000000800000000, ArchiveRelocationMode: 1.
UseCompressedClassPointers 1, UseCompactObjectHeaders 0
Narrow klass pointer bits 32, Max shift 3
Narrow klass base: 0xffffffffffffffff, Narrow klass shift: -1
Encoding Range: [0xffffffffffffffff - 0x000000007fffffff), (2147483648 bytes)
Klass Range:    [0x0000000000000000 - 0x0000000000000000), (0 bytes)
Klass ID Range:  [4294967295 - 0) (1)
No protection zone.

GC Precious Log:
 CardTable entry size: 512
 Card Set container configuration: InlinePtr #cards 4 size 8 Array Of Cards #cards 16 size 48 Howl #buckets 8 coarsen threshold 3686 Howl Bitmap #cards 512 size 80 coarsen threshold 460 Card regions per heap region 1 cards per card region 4096

Heap:
 garbage-first heap   total reserved 4116480K, committed 0K, used 0K [0x0000000704c00000, 0x0000000800000000)
  region size 2048K, 0 young (0K), 0 survivors (0K)

Heap Regions: E=young(eden), S=young(survivor), O=old, HS=humongous(starts), HC=humongous(continues), CS=collection set, F=free, TAMS=top-at-mark-start, PB=parsable bottom

Card table byte_map: [0x000002d09f880000,0x000002d0a0060000] _byte_map_base: 0x000002d09c05a000

Marking Bits: (CMBitMap*) 0x000002d087444bc0
 Bits: [0x000002d0a0060000, 0x000002d0a3f30000)

GC Heap Usage History (0 events):
No events

Metaspace Usage History (0 events):
No events

Dll operation events (1 events):
Event: 0.010 Loaded shared library C:\Users\MASTAER\.jdks\openjdk-25\bin\java.dll

Deoptimization events (0 events):
No events

Classes loaded (0 events):
No events

Classes unloaded (0 events):
No events

Classes redefined (0 events):
No events

Internal exceptions (0 events):
No events

VM Operations (0 events):
No events

Memory protections (0 events):
No events

Nmethod flushes (0 events):
No events

Events (0 events):
No events


Dynamic libraries:
0x00007ff614170000 - 0x00007ff61417e000 	C:\Users\MASTAER\.jdks\openjdk-25\bin\java.exe
0x00007ffa2f3a0000 - 0x00007ffa2f608000 	C:\WINDOWS\SYSTEM32\ntdll.dll
0x00007ffa2d390000 - 0x00007ffa2d459000 	C:\WINDOWS\System32\KERNEL32.DLL
0x00007ffa2cbd0000 - 0x00007ffa2cfc8000 	C:\WINDOWS\System32\KERNELBASE.dll
0x00007ffa2c630000 - 0x00007ffa2c77b000 	C:\WINDOWS\System32\ucrtbase.dll
0x00007ffa25f80000 - 0x00007ffa25f97000 	C:\Users\MASTAER\.jdks\openjdk-25\bin\jli.dll
0x00007ffa1a0d0000 - 0x00007ffa1a0ee000 	C:\Users\MASTAER\.jdks\openjdk-25\bin\VCRUNTIME140.dll
0x00007ffa2e800000 - 0x00007ffa2e9c7000 	C:\WINDOWS\System32\USER32.dll
0x00007ffa2c9c0000 - 0x00007ffa2c9e7000 	C:\WINDOWS\System32\win32u.dll
0x00007ffa0eda0000 - 0x00007ffa0f034000 	C:\WINDOWS\WinSxS\amd64_microsoft.windows.common-controls_6595b64144ccf1df_6.0.26100.7019_none_3e06ffa0e335b8a8\COMCTL32.dll
0x00007ffa2eb10000 - 0x00007ffa2eb3b000 	C:\WINDOWS\System32\GDI32.dll
0x00007ffa2db40000 - 0x00007ffa2dbe9000 	C:\WINDOWS\System32\msvcrt.dll
0x00007ffa2caa0000 - 0x00007ffa2cbcc000 	C:\WINDOWS\System32\gdi32full.dll
0x00007ffa2c580000 - 0x00007ffa2c623000 	C:\WINDOWS\System32\msvcp_win.dll
0x00007ffa2dbf0000 - 0x00007ffa2dc21000 	C:\WINDOWS\System32\IMM32.DLL
0x00007ffa24a70000 - 0x00007ffa24a7c000 	C:\Users\MASTAER\.jdks\openjdk-25\bin\vcruntime140_1.dll
0x00007ffa0e060000 - 0x00007ffa0e0ed000 	C:\Users\MASTAER\.jdks\openjdk-25\bin\msvcp140.dll
0x00007ff9993f0000 - 0x00007ff99a24f000 	C:\Users\MASTAER\.jdks\openjdk-25\bin\server\jvm.dll
0x00007ffa2e020000 - 0x00007ffa2e0d4000 	C:\WINDOWS\System32\ADVAPI32.dll
0x00007ffa2ea60000 - 0x00007ffa2eb06000 	C:\WINDOWS\System32\sechost.dll
0x00007ffa2e6e0000 - 0x00007ffa2e7f8000 	C:\WINDOWS\System32\RPCRT4.dll
0x00007ffa2e0e0000 - 0x00007ffa2e154000 	C:\WINDOWS\System32\WS2_32.dll
0x00007ffa2c350000 - 0x00007ffa2c3ae000 	C:\WINDOWS\SYSTEM32\POWRPROF.dll
0x00007ffa1b010000 - 0x00007ffa1b01b000 	C:\WINDOWS\SYSTEM32\VERSION.dll
0x00007ffa16010000 - 0x00007ffa16045000 	C:\WINDOWS\SYSTEM32\WINMM.dll
0x00007ffa2c330000 - 0x00007ffa2c344000 	C:\WINDOWS\SYSTEM32\UMPDC.dll
0x00007ffa2b270000 - 0x00007ffa2b28b000 	C:\WINDOWS\SYSTEM32\kernel.appcore.dll
0x00007ffa19950000 - 0x00007ffa1995a000 	C:\Users\MASTAER\.jdks\openjdk-25\bin\jimage.dll
0x00007ffa29bc0000 - 0x00007ffa29e02000 	C:\WINDOWS\SYSTEM32\DBGHELP.DLL
0x00007ffa2d460000 - 0x00007ffa2d7eb000 	C:\WINDOWS\System32\combase.dll
0x00007ffa2dd40000 - 0x00007ffa2de17000 	C:\WINDOWS\System32\OLEAUT32.dll
0x00007ffa184a0000 - 0x00007ffa184dc000 	C:\WINDOWS\SYSTEM32\dbgcore.DLL
0x00007ffa2c9f0000 - 0x00007ffa2ca95000 	C:\WINDOWS\System32\bcryptPrimitives.dll
0x00007ffa13b00000 - 0x00007ffa13b10000 	C:\Users\MASTAER\.jdks\openjdk-25\bin\instrument.dll
0x00007ffa19880000 - 0x00007ffa1989f000 	C:\Users\MASTAER\.jdks\openjdk-25\bin\java.dll
0x00007ffa2d140000 - 0x00007ffa2d2d7000 	C:\WINDOWS\System32\ole32.dll
0x00007ffa2eb40000 - 0x00007ffa2f28f000 	C:\WINDOWS\System32\SHELL32.dll
0x00007ffa2cfd0000 - 0x00007ffa2d13b000 	C:\WINDOWS\System32\wintypes.dll

JVMTI agents:
C:\Program Files\JetBrains\IntelliJ IDEA 2025.2.2\lib\idea_rt.jar path:none, loaded, not initialized, instrumentlib options:63408

dbghelp: loaded successfully - version: 4.0.5 - missing functions: none
symbol engine: initialized successfully - sym options: 0x614 - pdb path: .;C:\Users\MASTAER\.jdks\openjdk-25\bin;C:\WINDOWS\SYSTEM32;C:\WINDOWS\WinSxS\amd64_microsoft.windows.common-controls_6595b64144ccf1df_6.0.26100.7019_none_3e06ffa0e335b8a8;C:\Users\MASTAER\.jdks\openjdk-25\bin\server

VM Arguments:
jvm_args: -javaagent:C:\Program Files\JetBrains\IntelliJ IDEA 2025.2.2\lib\idea_rt.jar=63408 -Dfile.encoding=UTF-8 -Dsun.stdout.encoding=UTF-8 -Dsun.stderr.encoding=UTF-8 
java_command: Main
java_class_path (initial): C:\Users\MASTAER\IdeaProjects\assignment2advance\out\production\assignment2advance
Launcher Type: SUN_STANDARD

[Global flags]
     intx CICompilerCount                          = 4                                         {product} {ergonomic}
     uint ConcGCThreads                            = 2                                         {product} {ergonomic}
     uint G1ConcRefinementThreads                  = 8                                         {product} {ergonomic}
   size_t G1HeapRegionSize                         = 2097152                                   {product} {ergonomic}
   size_t InitialHeapSize                          = 264241152                                 {product} {ergonomic}
   size_t MarkStackSize                            = 4194304                                   {product} {ergonomic}
   size_t MarkStackSizeMax                         = 536870912                                 {product} {ergonomic}
   size_t MaxHeapSize                              = 4215275520                                {product} {ergonomic}
   size_t MinHeapDeltaBytes                        = 2097152                                   {product} {ergonomic}
   size_t MinHeapSize                              = 8388608                                   {product} {ergonomic}
    uintx NonNMethodCodeHeapSize                   = 5832704                                {pd product} {ergonomic}
    uintx NonProfiledCodeHeapSize                  = 122945536                              {pd product} {ergonomic}
    uintx ProfiledCodeHeapSize                     = 122880000                              {pd product} {ergonomic}
    uintx ReservedCodeCacheSize                    = 251658240                              {pd product} {ergonomic}
     bool SegmentedCodeCache                       = true                                      {product} {ergonomic}
   size_t SoftMaxHeapSize                          = 4215275520                             {manageable} {ergonomic}
     bool UseCompressedOops                        = true                           {product lp64_product} {ergonomic}
     bool UseG1GC                                  = true                                      {product} {ergonomic}
     bool UseLargePagesIndividualAllocation        = false                                  {pd product} {ergonomic}

Logging:
Log output configuration:
 #0: stdout all=warning uptime,level,tags foldmultilines=false
 #1: stderr all=off uptime,level,tags foldmultilines=false

Release file:
<release file has not been read>
Environment Variables:
JAVA_HOME=C:\Program Files\Java\jdk-25
PATH=C:\Program Files\Common Files\Oracle\Java\javapath;C:\Program Files (x86)\Common Files\Oracle\Java\javapath;C:\Windows\system32;C:\Windows;C:\Windows\System32\Wbem;C:\Windows\System32\WindowsPowerShell\v1.0\;C:\Windows\System32\OpenSSH\;C:\WINDOWS\system32;C:\WINDOWS;C:\WINDOWS\System32\Wbem;C:\WINDOWS\System32\WindowsPowerShell\v1.0\;C:\WINDOWS\System32\OpenSSH\;C:\Program Files (x86)\NVIDIA Corporation\PhysX\Common;C:\Program Files\Git\cmd;C:\Program Files\nodejs\;C:\Program Files\NVIDIA Corporation\NVIDIA app\NvDLISR;C:\php1;C:\composer;D:\A;D:\A\Library\mingw-w64\bin;D:\A\Library\usr\bin;D:\A\Library\bin;D:\A\Scripts;C:\Users\MASTAER\anaconda3;C:\Users\MASTAER\anaconda3\Library\mingw-w64\bin;C:\Users\MASTAER\anaconda3\Library\usr\bin;C:\Users\MASTAER\anaconda3\Library\bin;C:\Users\MASTAER\anaconda3\Scripts;C:\Users\MASTAER\AppData\Local\Microsoft\WindowsApps;D:\Users\MASTAER\AppData\Local\Programs\Microsoft VS Code\bin;C:\Users\MASTAER\AppData\Local\GitHubDesktop\bin;C:\Users\MASTAER\AppData\Roaming\npm;C:\Users\MASTAER\AppData\Roaming\Composer\vendor\bin;C:\Users\MASTAER\AppData\Local\Programs\Antigravity\bin
USERNAME=MASTAER
OS=Windows_NT
PROCESSOR_IDENTIFIER=Intel64 Family 6 Model 140 Stepping 1, GenuineIntel
TMP=C:\Users\MASTAER\AppData\Local\Temp
TEMP=C:\Users\MASTAER\AppData\Local\Temp




Compilation memory statistics disabled.

Periodic native trim disabled

---------------  S Y S T E M  ---------------

OS:
 Windows 11 , 64 bit Build 26100 (10.0.26100.7019)
OS uptime: 6 days 4:59 hours
Hyper-V role detected

CPU: total 8 (initial active 8) (4 cores per cpu, 2 threads per core) family 6 model 140 stepping 1 microcode 0x86, cx8, cmov, fxsr, ht, mmx, 3dnowpref, sse, sse2, sse3, ssse3, sse4.1, sse4.2, popcnt, lzcnt, tsc, tscinvbit, avx, avx2, aes, erms, clmul, bmi1, bmi2, adx, avx512f, avx512dq, avx512cd, avx512bw, avx512vl, sha, fma, vzeroupper, avx512_vpopcntdq, avx512_vpclmulqdq, avx512_vaes, avx512_vnni, clflush, clflushopt, clwb, avx512_vbmi2, avx512_vbmi, hv, rdtscp, rdpid, fsrm, gfni, avx512_bitalg, f16c, cet_ibt, cet_ss, avx512_ifma
Processor Information for the first 8 processors :
  Max Mhz: 2803, Current Mhz: 2803, Mhz Limit: 2803

Memory: 4k page, system-wide physical 16078M (2730M free)
TotalPageFile size 20174M (AvailPageFile size 182M)
current process WorkingSet (physical memory assigned to process): 14M, peak: 14M
current process commit charge ("private bytes"): 61M, peak: 313M

vm_info: OpenJDK 64-Bit Server VM (25+36-3489) for windows-amd64 JRE (25+36-3489), built on 2025-08-12T17:19:28Z with unknown MS VC++:1943

END.
